pab22@texel43:msc_lab3_pab22$ ./chess 
========================
Testing the Chess Engine
========================

A new chess game is started!

    A    B    C    D    E    F    G    H    
  +----+----+----+----+----+----+----+----+
8 |    |    |    |    |    |    |    |    |
  +----+----+----+----+----+----+----+----+
7 | Pa | Pa | Pa | Pa | Pa | Pa | Pa | Pa |
  +----+----+----+----+----+----+----+----+
6 |    |    |    |    |    |    |    |    |
  +----+----+----+----+----+----+----+----+
5 |    |    |    |    |    |    |    |    |
  +----+----+----+----+----+----+----+----+
4 |    |    |    |    |    |    |    |    |
  +----+----+----+----+----+----+----+----+
3 |    |    |    |    |    |    |    |    |
  +----+----+----+----+----+----+----+----+
2 | Pa | Pa | Pa | Pa | Pa | Pa | Pa | Pa |
  +----+----+----+----+----+----+----+----+
1 |    |    |    |    |    |    |    |    |
  +----+----+----+----+----+----+----+----+

It is not 0's turn to move!

    A    B    C    D    E    F    G    H    
  +----+----+----+----+----+----+----+----+
8 |    |    |    |    |    |    |    |    |
  +----+----+----+----+----+----+----+----+
7 | Pa | Pa | Pa | Pa | Pa | Pa | Pa | Pa |
  +----+----+----+----+----+----+----+----+
6 |    |    |    |    |    |    |    |    |
  +----+----+----+----+----+----+----+----+
5 |    |    |    |    |    |    |    |    |
  +----+----+----+----+----+----+----+----+
4 |    |    |    |    |    |    |    |    |
  +----+----+----+----+----+----+----+----+
3 |    |    |    |    |    |    |    |    |
  +----+----+----+----+----+----+----+----+
2 | Pa | Pa | Pa | Pa | Pa | Pa | Pa | Pa |
  +----+----+----+----+----+----+----+----+
1 |    |    |    |    |    |    |    |    |
  +----+----+----+----+----+----+----+----+

pab22@texel43:msc_lab3_pab22$ 8 |    |    |    |    |    |    |    |    |
bash: syntax error near unexpected token `|'
pab22@texel43:msc_lab3_pab22$ ./chess 
========================
Testing the Chess Engine
========================

A new chess game is started!

    A    B    C    D    E    F    G    H    
  +----+----+----+----+----+----+----+----+
8 |    |    |    |    |    |    |    |    |
  +----+----+----+----+----+----+----+----+
7 | Pa | Pa | Pa | Pa | Pa | Pa | Pa | Pa |
  +----+----+----+----+----+----+----+----+
6 |    |    |    |    |    |    |    |    |
  +----+----+----+----+----+----+----+----+
5 |    |    |    |    |    |    |    |    |
  +----+----+----+----+----+----+----+----+
4 |    |    |    |    |    |    |    |    |
  +----+----+----+----+----+----+----+----+
3 |    |    |    |    |    |    |    |    |
  +----+----+----+----+----+----+----+----+
2 | Pa | Pa | Pa | Pa | Pa | Pa | Pa | Pa |
  +----+----+----+----+----+----+----+----+
1 |    |    |    |    |    |    |    |    |
  +----+----+----+----+----+----+----+----+

It is not 0's turn to move!

    A    B    C    D    E    F    G    H    
  +----+----+----+----+----+----+----+----+
8 |    |    |    |    |    |    |    |    |
  +----+----+----+----+----+----+----+----+
7 | Pa | Pa | Pa | Pa | Pa | Pa | Pa | Pa |
  +----+----+----+----+----+----+----+----+
6 |    |    |    |    |    |    |    |    |
  +----+----+----+----+----+----+----+----+
5 |    |    |    |    |    |    |    |    |
  +----+----+----+----+----+----+----+----+
4 |    |    |    |    |    |    |    |    |
  +----+----+----+----+----+----+----+----+
3 |    |    |    |    |    |    |    |    |
  +----+----+----+----+----+----+----+----+
2 | Pa | Pa | Pa | Pa | Pa | Pa | Pa | Pa |
  +----+----+----+----+----+----+----+----+
1 |    |    |    |    |    |    |    |    |
  +----+----+----+----+----+----+----+----+

pab22@texel43:msc_lab3_pab22$   +----+----+----+----+----+----+----+----+
+----+----+----+----+----+----+----+----+: command not found
pab22@texel43:msc_lab3_pab22$ ./chess 
========================
Testing the Chess Engine
========================

A new chess game is started!

    A    B    C    D    E    F    G    H    
  +----+----+----+----+----+----+----+----+
8 |    |    |    |    |    |    |    |    |
  +----+----+----+----+----+----+----+----+
7 | Pa | Pa | Pa | Pa | Pa | Pa | Pa | Pa |
  +----+----+----+----+----+----+----+----+
6 |    |    |    |    |    |    |    |    |
  +----+----+----+----+----+----+----+----+
5 |    |    |    |    |    |    |    |    |
  +----+----+----+----+----+----+----+----+
4 |    |    |    |    |    |    |    |    |
  +----+----+----+----+----+----+----+----+
3 |    |    |    |    |    |    |    |    |
  +----+----+----+----+----+----+----+----+
2 | Pa | Pa | Pa | Pa | Pa | Pa | Pa | Pa |
  +----+----+----+----+----+----+----+----+
1 |    |    |    |    |    |    |    |    |
  +----+----+----+----+----+----+----+----+

It is not 0's turn to move!

    A    B    C    D    E    F    G    H    
  +----+----+----+----+----+----+----+----+
8 |    |    |    |    |    |    |    |    |
  +----+----+----+----+----+----+----+----+
7 | Pa | Pa | Pa | Pa | Pa | Pa | Pa | Pa |
  +----+----+----+----+----+----+----+----+
6 |    |    |    |    |    |    |    |    |
  +----+----+----+----+----+----+----+----+
5 |    |    |    |    |    |    |    |    |
  +----+----+----+----+----+----+----+----+
4 |    |    |    |    |    |    |    |    |
  +----+----+----+----+----+----+----+----+
3 |    |    |    |    |    |    |    |    |
  +----+----+----+----+----+----+----+----+
2 | Pa | Pa | Pa | Pa | Pa | Pa | Pa | Pa |
  +----+----+----+----+----+----+----+----+
1 |    |    |    |    |    |    |    |    |
  +----+----+----+----+----+----+----+----+

pab22@texel43:msc_lab3_pab22$ 1 |    |    |    |    |    |    |    |    |
bash: syntax error near unexpected token `|'
pab22@texel43:msc_lab3_pab22$ ./chess 
========================
Testing the Chess Engine
========================

A new chess game is started!

    A    B    C    D    E    F    G    H    
  +----+----+----+----+----+----+----+----+
8 |    |    |    |    |    |    |    |    |
  +----+----+----+----+----+----+----+----+
7 | Pa | Pa | Pa | Pa | Pa | Pa | Pa | Pa |
  +----+----+----+----+----+----+----+----+
6 |    |    |    |    |    |    |    |    |
  +----+----+----+----+----+----+----+----+
5 |    |    |    |    |    |    |    |    |
  +----+----+----+----+----+----+----+----+
4 |    |    |    |    |    |    |    |    |
  +----+----+----+----+----+----+----+----+
3 |    |    |    |    |    |    |    |    |
  +----+----+----+----+----+----+----+----+
2 | Pa | Pa | Pa | Pa | Pa | Pa | Pa | Pa |
  +----+----+----+----+----+----+----+----+
1 |    |    |    |    |    |    |    |    |
  +----+----+----+----+----+----+----+----+


    A    B    C    D    E    F    G    H    
  +----+----+----+----+----+----+----+----+
8 |    |    |    |    |    |    |    |    |
  +----+----+----+----+----+----+----+----+
7 | Pa | Pa | Pa | Pa | Pa | Pa | Pa | Pa |
  +----+----+----+----+----+----+----+----+
6 |    |    |    |    |    |    |    |    |
  +----+----+----+----+----+----+----+----+
5 |    |    |    |    |    |    |    |    |
  +----+----+----+----+----+----+----+----+
4 |    |    | Pa |    |    |    |    |    |
  +----+----+----+----+----+----+----+----+
3 |    |    |    |    |    |    |    |    |
  +----+----+----+----+----+----+----+----+
2 | Pa | Pa |    | Pa | Pa | Pa | Pa | Pa |
  +----+----+----+----+----+----+----+----+
1 |    |    |    |    |    |    |    |    |
  +----+----+----+----+----+----+----+----+

pab22@texel43:msc_lab3_pab22$ 2 | Pa | Pa | Pa | Pa | Pa | Pa | Pa | Pa |
> 
> 
> 
> 
> ./chess 
========================
Testing the Chess Engine
========================

Pa: command not found
2: command not found
Pa: command not found
Pa: command not found
Pa: command not found
Pa: command not found
Pa: command not found
Pa: command not found
Pa: command not found
Segmentation fault
pab22@texel43:msc_lab3_pab22$ 
pab22@texel43:msc_lab3_pab22$ ./chess 
========================
Testing the Chess Engine
========================

Segmentation fault
pab22@texel43:msc_lab3_pab22$ 2: command not found
2:: command not found
pab22@texel43:msc_lab3_pab22$ 
pab22@texel43:msc_lab3_pab22$ ./chess 
========================
Testing the Chess Engine
========================

A new chess game is started!

    A    B    C    D    E    F    G    H    
  +----+----+----+----+----+----+----+----+
8 |    |    |    |    |    |    |    |    |
  +----+----+----+----+----+----+----+----+
7 | Pa | Pa | Pa | Pa | Pa | Pa | Pa | Pa |
  +----+----+----+----+----+----+----+----+
6 |    |    |    |    |    |    |    |    |
  +----+----+----+----+----+----+----+----+
5 |    |    |    |    |    |    |    |    |
  +----+----+----+----+----+----+----+----+
4 |    |    |    |    |    |    |    |    |
  +----+----+----+----+----+----+----+----+
3 |    |    |    |    |    |    |    |    |
  +----+----+----+----+----+----+----+----+
2 | Pa | Pa | Pa | Pa | Pa | Pa | Pa | Pa |
  +----+----+----+----+----+----+----+----+
1 |    |    |    |    |    |    |    |    |
  +----+----+----+----+----+----+----+----+


    A    B    C    D    E    F    G    H    
  +----+----+----+----+----+----+----+----+
8 |    |    |    |    |    |    |    |    |
  +----+----+----+----+----+----+----+----+
7 | Pa | Pa | Pa | Pa | Pa | Pa | Pa | Pa |
  +----+----+----+----+----+----+----+----+
6 |    |    |    |    |    |    |    |    |
  +----+----+----+----+----+----+----+----+
5 |    |    |    |    |    |    |    |    |
  +----+----+----+----+----+----+----+----+
4 |    |    | Pa |    |    |    |    |    |
  +----+----+----+----+----+----+----+----+
3 |    |    |    |    |    |    |    |    |
  +----+----+----+----+----+----+----+----+
2 | Pa | Pa |    | Pa | Pa | Pa | Pa | Pa |
  +----+----+----+----+----+----+----+----+
1 |    |    |    |    |    |    |    |    |
  +----+----+----+----+----+----+----+----+

pab22@texel43:msc_lab3_pab22$ ./chess 
========================
Testing the Chess Engine
========================

Segmentation fault
pab22@texel43:msc_lab3_pab22$ ./chess 
========================
Testing the Chess Engine
========================

0
1
A new chess game is started!

    A    B    C    D    E    F    G    H    
  +----+----+----+----+----+----+----+----+
8 |    |    |    |    |    |    |    |    |
  +----+----+----+----+----+----+----+----+
7 | Pa | Pa | Pa | Pa | Pa | Pa | Pa | Pa |
  +----+----+----+----+----+----+----+----+
6 |    |    |    |    |    |    |    |    |
  +----+----+----+----+----+----+----+----+
5 |    |    |    |    |    |    |    |    |
  +----+----+----+----+----+----+----+----+
4 |    |    |    |    |    |    |    |    |
  +----+----+----+----+----+----+----+----+
3 |    |    |    |    |    |    |    |    |
  +----+----+----+----+----+----+----+----+
2 | Pa | Pa | Pa | Pa | Pa | Pa | Pa | Pa |
  +----+----+----+----+----+----+----+----+
1 |    |    |    |    |    |    |    |    |
  +----+----+----+----+----+----+----+----+


    A    B    C    D    E    F    G    H    
  +----+----+----+----+----+----+----+----+
8 |    |    |    |    |    |    |    |    |
  +----+----+----+----+----+----+----+----+
7 | Pa | Pa | Pa | Pa | Pa | Pa | Pa | Pa |
  +----+----+----+----+----+----+----+----+
6 |    |    |    |    |    |    |    |    |
  +----+----+----+----+----+----+----+----+
5 |    |    |    |    |    |    |    |    |
  +----+----+----+----+----+----+----+----+
4 |    |    | Pa |    |    |    |    |    |
  +----+----+----+----+----+----+----+----+
3 |    |    |    |    |    |    |    |    |
  +----+----+----+----+----+----+----+----+
2 | Pa | Pa |    | Pa | Pa | Pa | Pa | Pa |
  +----+----+----+----+----+----+----+----+
1 |    |    |    |    |    |    |    |    |
  +----+----+----+----+----+----+----+----+

pab22@texel43:msc_lab3_pab22$   +----+----+----+----+----+----+----+----+
+----+----+----+----+----+----+----+----+: command not found
pab22@texel43:msc_lab3_pab22$ ./chess 
========================
Testing the Chess Engine
========================

A new chess game is started!

    A    B    C    D    E    F    G    H    
  +----+----+----+----+----+----+----+----+
8 |    |    |    |    |    |    |    |    |
  +----+----+----+----+----+----+----+----+
7 | Pa | Pa | Pa | Pa | Pa | Pa | Pa | Pa |
  +----+----+----+----+----+----+----+----+
6 |    |    |    |    |    |    |    |    |
  +----+----+----+----+----+----+----+----+
5 |    |    |    |    |    |    |    |    |
  +----+----+----+----+----+----+----+----+
4 |    |    |    |    |    |    |    |    |
  +----+----+----+----+----+----+----+----+
3 |    |    |    |    |    |    |    |    |
  +----+----+----+----+----+----+----+----+
2 | Pa | Pa | Pa | Pa | Pa | Pa | Pa | Pa |
  +----+----+----+----+----+----+----+----+
1 |    |    |    |    |    |    |    |    |
  +----+----+----+----+----+----+----+----+

pab22@texel43:msc_lab3_pab22$ ./chess 
========================
Testing the Chess Engine
========================

A new chess game is started!
Segmentation fault
pab22@texel43:msc_lab3_pab22$ ./chess 
========================
Testing the Chess Engine
========================

0
0
A new chess game is started!

    A    B    C    D    E    F    G    H    
  +----+----+----+----+----+----+----+----+
8 |    |    |    |    |    |    |    |    |
  +----+----+----+----+----+----+----+----+
7 | Pa | Pa | Pa | Pa | Pa | Pa | Pa | Pa |
  +----+----+----+----+----+----+----+----+
6 |    |    |    |    |    |    |    |    |
  +----+----+----+----+----+----+----+----+
5 |    |    |    |    |    |    |    |    |
  +----+----+----+----+----+----+----+----+
4 |    |    |    |    |    |    |    |    |
  +----+----+----+----+----+----+----+----+
3 |    |    |    |    |    |    |    |    |
  +----+----+----+----+----+----+----+----+
2 | Pa | Pa | Pa | Pa | Pa | Pa | Pa | Pa |
  +----+----+----+----+----+----+----+----+
1 |    |    |    |    |    |    |    |    |
  +----+----+----+----+----+----+----+----+

pab22@texel43:msc_lab3_pab22$ ./chess 
========================
Testing the Chess Engine
========================

Segmentation fault
pab22@texel43:msc_lab3_pab22$ ./chess 
========================
Testing the Chess Engine
========================

Segmentation fault
pab22@texel43:msc_lab3_pab22$ 
pab22@texel43:msc_lab3_pab22$ /c
bash: /c: No such file or directory
pab22@texel43:msc_lab3_pab22$ ./chess 
========================
Testing the Chess Engine
========================

A new chess game is started!

    A    B    C    D    E    F    G    H    
  +----+----+----+----+----+----+----+----+
8 |    |    |    |    |    |    |    |    |
  +----+----+----+----+----+----+----+----+
7 | Pa | Pa | Pa | Pa | Pa | Pa | Pa | Pa |
  +----+----+----+----+----+----+----+----+
6 |    |    |    |    |    |    |    |    |
  +----+----+----+----+----+----+----+----+
5 |    |    |    |    |    |    |    |    |
  +----+----+----+----+----+----+----+----+
4 |    |    |    |    |    |    |    |    |
  +----+----+----+----+----+----+----+----+
3 |    |    |    |    |    |    |    |    |
  +----+----+----+----+----+----+----+----+
2 | Pa | Pa | Pa | Pa | Pa | Pa | Pa | Pa |
  +----+----+----+----+----+----+----+----+
1 |    |    |    |    |    |    |    |    |
  +----+----+----+----+----+----+----+----+

There is no piece at position A8

    A    B    C    D    E    F    G    H    
  +----+----+----+----+----+----+----+----+
8 |    |    |    |    |    |    |    |    |
  +----+----+----+----+----+----+----+----+
7 | Pa | Pa | Pa | Pa | Pa | Pa | Pa | Pa |
  +----+----+----+----+----+----+----+----+
6 |    |    |    |    |    |    |    |    |
  +----+----+----+----+----+----+----+----+
5 |    |    |    |    |    |    |    |    |
  +----+----+----+----+----+----+----+----+
4 |    |    |    |    |    |    |    |    |
  +----+----+----+----+----+----+----+----+
3 |    |    |    |    |    |    |    |    |
  +----+----+----+----+----+----+----+----+
2 | Pa | Pa | Pa | Pa | Pa | Pa | Pa | Pa |
  +----+----+----+----+----+----+----+----+
1 |    |    |    |    |    |    |    |    |
  +----+----+----+----+----+----+----+----+

pab22@texel43:msc_lab3_pab22$ ./chess 
========================
Testing the Chess Engine
========================

Segmentation fault
pab22@texel43:msc_lab3_pab22$ 
pab22@texel43:msc_lab3_pab22$ 
pab22@texel43:msc_lab3_pab22$ 
pab22@texel43:msc_lab3_pab22$ 
pab22@texel43:msc_lab3_pab22$ ./chess 
========================
Testing the Chess Engine
========================

Segmentation fault
pab22@texel43:msc_lab3_pab22$ 
pab22@texel43:msc_lab3_pab22$ 
pab22@texel43:msc_lab3_pab22$ ./chess 
========================
Testing the Chess Engine
========================

A new chess game is started!

    A    B    C    D    E    F    G    H    
  +----+----+----+----+----+----+----+----+
8 |    |    |    |    |    |    |    |    |
  +----+----+----+----+----+----+----+----+
7 | Pa | Pa | Pa | Pa | Pa | Pa | Pa | Pa |
  +----+----+----+----+----+----+----+----+
6 |    |    |    |    |    |    |    |    |
  +----+----+----+----+----+----+----+----+
5 |    |    |    |    |    |    |    |    |
  +----+----+----+----+----+----+----+----+
4 |    |    |    |    |    |    |    |    |
  +----+----+----+----+----+----+----+----+
3 |    |    |    |    |    |    |    |    |
  +----+----+----+----+----+----+----+----+
,2 | Pa | Pa | Pa | Pa | Pa | Pa | Pa | Pa |
  +----+----+----+----+----+----+----+----+
1 |    |    |    |    |    |    |    |    |
  +----+----+----+----+----+----+----+----+


    A    B    C    D    E    F    G    H    
  +----+----+----+----+----+----+----+----+
8 |    |    |    |    |    |    |    |    |
  +----+----+----+----+----+----+----+----+
7 | Pa | Pa | Pa | Pa | Pa | Pa | Pa | Pa |
  +----+----+----+----+----+----+----+----+
6 |    |    |    |    |    |    |    |    |
  +----+----+----+----+----+----+----+----+
5 |    |    |    |    |    |    |    |    |
  +----+----+----+----+----+----+----+----+
4 |    |    | Pa |    |    |    |    |    |
  +----+----+----+----+----+----+----+----+
3 |    |    |    |    |    |    |    |    |
  +----+----+----+----+----+----+----+----+
2 | Pa | Pa |    | Pa | Pa | Pa | Pa | Pa |
  +----+----+----+----+----+----+----+----+
1 |    |    |    |    |    |    |    |    |
  +----+----+----+----+----+----+----+----+

pab22@texel43:msc_lab3_pab22$ ./chess 
========================
Testing the Chess Engine
========================

Segmentation fault
pab22@texel43:msc_lab3_pab22$ ========================
========================: command not found
pab22@texel43:msc_lab3_pab22$ ./chess 
========================
Testing the Chess Engine
========================

Segmentation fault
pab22@texel43:msc_lab3_pab22$   +----+----+----+----+----+----+----+----+
+----+----+----+----+----+----+----+----+: command not found
pab22@texel43:msc_lab3_pab22$ 
pab22@texel43:msc_lab3_pab22$ 
pab22@texel43:msc_lab3_pab22$ ./chess 
========================
Testing the Chess Engine
========================

Segmentation fault
pab22@texel43:msc_lab3_pab22$ 
pab22@texel43:msc_lab3_pab22$ 
pab22@texel43:msc_lab3_pab22$ 
pab22@texel43:msc_lab3_pab22$ ./chess 
========================
Testing the Chess Engine
========================

A new chess game is started!

    A    B    C    D    E    F    G    H    
  +----+----+----+----+----+----+----+----+
8 |    |    |    |    |    |    |    |    |
  +----+----+----+----+----+----+----+----+
7 | Pa | Pa | Pa | Pa | Pa | Pa | Pa | Pa |
  +----+----+----+----+----+----+----+----+
6 |    |    |    |    |    |    |    |    |
  +----+----+----+----+----+----+----+----+
5 |    |    |    |    |    |    |    |    |
  +----+----+----+----+----+----+----+----+
4 |    |    |    |    |    |    |    |    |
  +----+----+----+----+----+----+----+----+
3 |    |    |    |    |    |    |    |    |
  +----+----+----+----+----+----+----+----+
2 | Pa | Pa | Pa | Pa | Pa | Pa | Pa | Pa |
  +----+----+----+----+----+----+----+----+
1 |    |    |    |    |    |    |    |    |
  +----+----+----+----+----+----+----+----+


    A    B    C    D    E    F    G    H    
  +----+----+----+----+----+----+----+----+
8 |    |    |    |    |    |    |    |    |
  +----+----+----+----+----+----+----+----+
7 | Pa | Pa | Pa | Pa | Pa | Pa | Pa | Pa |
  +----+----+----+----+----+----+----+----+
6 |    |    |    |    |    |    |    |    |
  +----+----+----+----+----+----+----+----+
5 |    |    |    |    |    |    |    |    |
  +----+----+----+----+----+----+----+----+
4 |    |    | Pa |    |    |    |    |    |
  +----+----+----+----+----+----+----+----+
3 |    |    |    |    |    |    |    |    |
  +----+----+----+----+----+----+----+----+
2 | Pa | Pa |    | Pa | Pa | Pa | Pa | Pa |
  +----+----+----+----+----+----+----+----+
1 |    |    |    |    |    |    |    |    |
  +----+----+----+----+----+----+----+----+

pab22@texel43:msc_lab3_pab22$ ./chess 
========================
Testing the Chess Engine
========================

0
0
A new chess game is started!

    A    B    C    D    E    F    G    H    
  +----+----+----+----+----+----+----+----+
8 |    |    |    |    |    |    |    |    |
  +----+----+----+----+----+----+----+----+
7 | Pa | Pa | Pa | Pa | Pa | Pa | Pa | Pa |
  +----+----+----+----+----+----+----+----+
6 |    |    |    |    |    |    |    |    |
  +----+----+----+----+----+----+----+----+
5 |    |    |    |    |    |    |    |    |
  +----+----+----+----+----+----+----+----+
4 |    |    |    |    |    |    |    |    |
  +----+----+----+----+----+----+----+----+
3 |    |    |    |    |    |    |    |    |
  +----+----+----+----+----+----+----+----+
2 | Pa | Pa | Pa | Pa | Pa | Pa | Pa | Pa |
  +----+----+----+----+----+----+----+----+
1 |    |    |    |    |    |    |    |    |
  +----+----+----+----+----+----+----+----+


    A    B    C    D    E    F    G    H    
  +----+----+----+----+----+----+----+----+
8 |    |    |    |    |    |    |    |    |
  +----+----+----+----+----+----+----+----+
7 | Pa | Pa | Pa | Pa | Pa | Pa | Pa | Pa |
  +----+----+----+----+----+----+----+----+
6 |    |    |    |    |    |    |    |    |
  +----+----+----+----+----+----+----+----+
5 |    |    |    |    |    |    |    |    |
  +----+----+----+----+----+----+----+----+
4 |    |    | Pa |    |    |    |    |    |
  +----+----+----+----+----+----+----+----+
3 |    |    |    |    |    |    |    |    |
  +----+----+----+----+----+----+----+----+
2 | Pa | Pa |    | Pa | Pa | Pa | Pa | Pa |
  +----+----+----+----+----+----+----+----+
1 |    |    |    |    |    |    |    |    |
  +----+----+----+----+----+----+----+----+

pab22@texel43:msc_lab3_pab22$ 6 |    |    |    |    |    |    |    |    |
bash: syntax error near unexpected token `|'
pab22@texel43:msc_lab3_pab22$ 
pab22@texel43:msc_lab3_pab22$ 
pab22@texel43:msc_lab3_pab22$ ./chess 
========================
Testing the Chess Engine
========================

A new chess game is started!

    A    B    C    D    E    F    G    H    
  +----+----+----+----+----+----+----+----+
8 |    |    |    |    |    |    |    |    |
  +----+----+----+----+----+----+----+----+
7 | Pa | Pa | Pa | Pa | Pa | Pa | Pa | Pa |
  +----+----+----+----+----+----+----+----+
6 |    |    |    |    |    |    |    |    |
  +----+----+----+----+----+----+----+----+
5 |    |    |    |    |    |    |    |    |
  +----+----+----+----+----+----+----+----+
4 |    |    |    |    |    |    |    |    |
  +----+----+----+----+----+----+----+----+
3 |    |    |    |    |    |    |    |    |
  +----+----+----+----+----+----+----+----+
2 | Pa | Pa | Pa | Pa | Pa | Pa | Pa | Pa |
  +----+----+----+----+----+----+----+----+
1 |    |    |    |    |    |    |    |    |
  +----+----+----+----+----+----+----+----+

It is not 0's turn to move!

    A    B    C    D    E    F    G    H    
  +----+----+----+----+----+----+----+----+
8 |    |    |    |    |    |    |    |    |
  +----+----+----+----+----+----+----+----+
7 | Pa | Pa | Pa | Pa | Pa | Pa | Pa | Pa |
  +----+----+----+----+----+----+----+----+
6 |    |    |    |    |    |    |    |    |
  +----+----+----+----+----+----+----+----+
5 |    |    |    |    |    |    |    |    |
  +----+----+----+----+----+----+----+----+
4 |    |    |    |    |    |    |    |    |
  +----+----+----+----+----+----+----+----+
3 |    |    |    |    |    |    |    |    |
  +----+----+----+----+----+----+----+----+
2 | Pa | Pa | Pa | Pa | Pa | Pa | Pa | Pa |
  +----+----+----+----+----+----+----+----+
1 |    |    |    |    |    |    |    |    |
  +----+----+----+----+----+----+----+----+

pab22@texel43:msc_lab3_pab22$ 
pab22@texel43:msc_lab3_pab22$ 
pab22@texel43:msc_lab3_pab22$ ./chess 
========================
Testing the Chess Engine
========================

A new chess game is started!

    A    B    C    D    E    F    G    H    
  +----+----+----+----+----+----+----+----+
8 |    |    |    |    |    |    |    |    |
  +----+----+----+----+----+----+----+----+
7 | Pa | Pa | Pa | Pa | Pa | Pa | Pa | Pa |
  +----+----+----+----+----+----+----+----+
6 |    |    |    |    |    |    |    |    |
  +----+----+----+----+----+----+----+----+
5 |    |    |    |    |    |    |    |    |
  +----+----+----+----+----+----+----+----+
4 |    |    |    |    |    |    |    |    |
  +----+----+----+----+----+----+----+----+
3 |    |    |    |    |    |    |    |    |
  +----+----+----+----+----+----+----+----+
2 | Pa | Pa | Pa | Pa | Pa | Pa | Pa | Pa |
  +----+----+----+----+----+----+----+----+
1 |    |    |    |    |    |    |    |    |
  +----+----+----+----+----+----+----+----+

It is not 0's turn to move!
1

    A    B    C    D    E    F    G    H    
  +----+----+----+----+----+----+----+----+
8 |    |    |    |    |    |    |    |    |
  +----+----+----+----+----+----+----+----+
7 | Pa | Pa | Pa | Pa | Pa | Pa | Pa | Pa |
  +----+----+----+----+----+----+----+----+
6 |    |    |    |    |    |    |    |    |
  +----+----+----+----+----+----+----+----+
5 |    |    |    |    |    |    |    |    |
  +----+----+----+----+----+----+----+----+
4 |    |    |    |    |    |    |    |    |
  +----+----+----+----+----+----+----+----+
3 |    |    |    |    |    |    |    |    |
  +----+----+----+----+----+----+----+----+
2 | Pa | Pa | Pa | Pa | Pa | Pa | Pa | Pa |
  +----+----+----+----+----+----+----+----+
1 |    |    |    |    |    |    |    |    |
  +----+----+----+----+----+----+----+----+

pab22@texel43:msc_lab3_pab22$ C
C: command not found
pab22@texel43:msc_lab3_pab22$ 
pab22@texel43:msc_lab3_pab22$ 
pab22@texel43:msc_lab3_pab22$ ./chess 
========================
Testing the Chess Engine
========================

A new chess game is started!
1

    A    B    C    D    E    F    G    H    
  +----+----+----+----+----+----+----+----+
8 |    |    |    |    |    |    |    |    |
  +----+----+----+----+----+----+----+----+
7 | Pa | Pa | Pa | Pa | Pa | Pa | Pa | Pa |
  +----+----+----+----+----+----+----+----+
6 |    |    |    |    |    |    |    |    |
  +----+----+----+----+----+----+----+----+
5 |    |    |    |    |    |    |    |    |
  +----+----+----+----+----+----+----+----+
4 |    |    |    |    |    |    |    |    |
  +----+----+----+----+----+----+----+----+
3 |    |    |    |    |    |    |    |    |
  +----+----+----+----+----+----+----+----+
2 | Pa | Pa | Pa | Pa | Pa | Pa | Pa | Pa |
  +----+----+----+----+----+----+----+----+
1 |    |    |    |    |    |    |    |    |
  +----+----+----+----+----+----+----+----+

It is not 0's turn to move!
1

    A    B    C    D    E    F    G    H    
  +----+----+----+----+----+----+----+----+
8 |    |    |    |    |    |    |    |    |
  +----+----+----+----+----+----+----+----+
7 | Pa | Pa | Pa | Pa | Pa | Pa | Pa | Pa |
  +----+----+----+----+----+----+----+----+
6 |    |    |    |    |    |    |    |    |
  +----+----+----+----+----+----+----+----+
5 |    |    |    |    |    |    |    |    |
  +----+----+----+----+----+----+----+----+
4 |    |    |    |    |    |    |    |    |
  +----+----+----+----+----+----+----+----+
3 |    |    |    |    |    |    |    |    |
  +----+----+----+----+----+----+----+----+
2 | Pa | Pa | Pa | Pa | Pa | Pa | Pa | Pa |
  +----+----+----+----+----+----+----+----+
1 |    |    |    |    |    |    |    |    |
  +----+----+----+----+----+----+----+----+

pab22@texel43:msc_lab3_pab22$ 6 |    |    |    |    |    |    |    |    |
bash: syntax error near unexpected token `|'
pab22@texel43:msc_lab3_pab22$ 
pab22@texel43:msc_lab3_pab22$ 
pab22@texel43:msc_lab3_pab22$ ./chess 
========================
Testing the Chess Engine
========================

A new chess game is started!
1

    A    B    C    D    E    F    G    H    
  +----+----+----+----+----+----+----+----+
8 |    |    |    |    |    |    |    |    |
  +----+----+----+----+----+----+----+----+
7 | Pa | Pa | Pa | Pa | Pa | Pa | Pa | Pa |
  +----+----+----+----+----+----+----+----+
6 |    |    |    |    |    |    |    |    |
  +----+----+----+----+----+----+----+----+
5 |    |    |    |    |    |    |    |    |
  +----+----+----+----+----+----+----+----+
4 |    |    |    |    |    |    |    |    |
  +----+----+----+----+----+----+----+----+
3 |    |    |    |    |    |    |    |    |
  +----+----+----+----+----+----+----+----+
2 | Pa | Pa | Pa | Pa | Pa | Pa | Pa | Pa |
  +----+----+----+----+----+----+----+----+
1 |    |    |    |    |    |    |    |    |
  +----+----+----+----+----+----+----+----+

Segmentation fault
pab22@texel43:msc_lab3_pab22$   +----+----+----+----+----+----+----+----+

+----+----+----+----+----+----+----+----+: command not found
pab22@texel43:msc_lab3_pab22$ pab22@texel43:msc_lab3_pab22$ 
pab22@texel43:msc_lab3_pab22$ ./chess 
========================
Testing the Chess Engine
========================

A new chess game is started!
1

    A    B    C    D    E    F    G    H    
  +----+----+----+----+----+----+----+----+
8 |    |    |    |    |    |    |    |    |
  +----+----+----+----+----+----+----+----+
7 | Pa | Pa | Pa | Pa | Pa | Pa | Pa | Pa |
  +----+----+----+----+----+----+----+----+
6 |    |    |    |    |    |    |    |    |
  +----+----+----+----+----+----+----+----+
5 |    |    |    |    |    |    |    |    |
  +----+----+----+----+----+----+----+----+
4 |    |    |    |    |    |    |    |    |
  +----+----+----+----+----+----+----+----+
3 |    |    |    |    |    |    |    |    |
  +----+----+----+----+----+----+----+----+
2 | Pa | Pa | Pa | Pa | Pa | Pa | Pa | Pa |
  +----+----+----+----+----+----+----+----+
1 |    |    |    |    |    |    |    |    |
  +----+----+----+----+----+----+----+----+


    A    B    C    D    E    F    G    H    
  +----+----+----+----+----+----+----+----+
8 |    |    |    |    |    |    |    |    |
  +----+----+----+----+----+----+----+----+
7 | Pa | Pa | Pa | Pa | Pa | Pa | Pa | Pa |
  +----+----+----+----+----+----+----+----+
6 |    |    |    |    |    |    |    |    |
  +----+----+----+----+----+----+----+----+
5 |    |    |    |    |    |    |    |    |
  +----+----+----+----+----+----+----+----+
4 |    |    | Pa |    |    |    |    |    |
  +----+----+----+----+----+----+----+----+
3 |    |    |    |    |    |    |    |    |
  +----+----+----+----+----+----+----+----+
2 | Pa | Pa |    | Pa | Pa | Pa | Pa | Pa |
  +----+----+----+----+----+----+----+----+
1 |    |    |    |    |    |    |    |    |
  +----+----+----+----+----+----+----+----+

pab22@texel43:msc_lab3_pab22$ 
pab22@texel43:msc_lab3_pab22$ 
pab22@texel43:msc_lab3_pab22$ ./chess 
========================
Testing the Chess Engine
========================

A new chess game is started!
1

    A    B    C    D    E    F    G    H    
  +----+----+----+----+----+----+----+----+
8 |    |    |    |    |    |    |    |    |
  +----+----+----+----+----+----+----+----+
7 | Pa | Pa | Pa | Pa | Pa | Pa | Pa | Pa |
  +----+----+----+----+----+----+----+----+
6 |    |    |    |    |    |    |    |    |
  +----+----+----+----+----+----+----+----+
5 |    |    |    |    |    |    |    |    |
  +----+----+----+----+----+----+----+----+
4 |    |    |    |    |    |    |    |    |
  +----+----+----+----+----+----+----+----+
3 |    |    |    |    |    |    |    |    |
  +----+----+----+----+----+----+----+----+
2 | Pa | Pa | Pa | Pa | Pa | Pa | Pa | Pa |
  +----+----+----+----+----+----+----+----+
1 |    |    |    |    |    |    |    |    |
  +----+----+----+----+----+----+----+----+

It is not 0's turn to move!

    A    B    C    D    E    F    G    H    
  +----+----+----+----+----+----+----+----+
8 |    |    |    |    |    |    |    |    |
  +----+----+----+----+----+----+----+----+
7 | Pa | Pa | Pa | Pa | Pa | Pa | Pa | Pa |
  +----+----+----+----+----+----+----+----+
6 |    |    |    |    |    |    |    |    |
  +----+----+----+----+----+----+----+----+
5 |    |    |    |    |    |    |    |    |
  +----+----+----+----+----+----+----+----+
4 |    |    |    |    |    |    |    |    |
  +----+----+----+----+----+----+----+----+
3 |    |    |    |    |    |    |    |    |
  +----+----+----+----+----+----+----+----+
2 | Pa | Pa | Pa | Pa | Pa | Pa | Pa | Pa |
  +----+----+----+----+----+----+----+----+
1 |    |    |    |    |    |    |    |    |
  +----+----+----+----+----+----+----+----+

pab22@texel43:msc_lab3_pab22$ 
pab22@texel43:msc_lab3_pab22$ 
pab22@texel43:msc_lab3_pab22$ ./chess 
========================
Testing the Chess Engine
========================

A new chess game is started!
1

    A    B    C    D    E    F    G    H    
  +----+----+----+----+----+----+----+----+
8 |    |    |    |    |    |    |    |    |
  +----+----+----+----+----+----+----+----+
7 | Pa | Pa | Pa | Pa | Pa | Pa | Pa | Pa |
  +----+----+----+----+----+----+----+----+
6 |    |    |    |    |    |    |    |    |
  +----+----+----+----+----+----+----+----+
5 |    |    |    |    |    |    |    |    |
  +----+----+----+----+----+----+----+----+
4 |    |    |    |    |    |    |    |    |
  +----+----+----+----+----+----+----+----+
3 |    |    |    |    |    |    |    |    |
  +----+----+----+----+----+----+----+----+
2 | Pa | Pa | Pa | Pa | Pa | Pa | Pa | Pa |
  +----+----+----+----+----+----+----+----+
1 |    |    |    |    |    |    |    |    |
  +----+----+----+----+----+----+----+----+

Your source square is out of range!

    A    B    C    D    E    F    G    H    
  +----+----+----+----+----+----+----+----+
8 |    |    |    |    |    |    |    |    |
  +----+----+----+----+----+----+----+----+
7 | Pa | Pa | Pa | Pa | Pa | Pa | Pa | Pa |
  +----+----+----+----+----+----+----+----+
6 |    |    |    |    |    |    |    |    |
  +----+----+----+----+----+----+----+----+
5 |    |    |    |    |    |    |    |    |
  +----+----+----+----+----+----+----+----+
4 |    |    |    |    |    |    |    |    |
  +----+----+----+----+----+----+----+----+
3 |    |    |    |    |    |    |    |    |
  +----+----+----+----+----+----+----+----+
2 | Pa | Pa | Pa | Pa | Pa | Pa | Pa | Pa |
  +----+----+----+----+----+----+----+----+
1 |    |    |    |    |    |    |    |    |
  +----+----+----+----+----+----+----+----+

pab22@texel43:msc_lab3_pab22$ ./chess 
========================
Testing the Chess Engine
========================

A new chess game is started!
1

    A    B    C    D    E    F    G    H    
  +----+----+----+----+----+----+----+----+
8 |    |    |    |    |    |    |    |    |
  +----+----+----+----+----+----+----+----+
7 | Pa | Pa | Pa | Pa | Pa | Pa | Pa | Pa |
  +----+----+----+----+----+----+----+----+
6 |    |    |    |    |    |    |    |    |
  +----+----+----+----+----+----+----+----+
5 |    |    |    |    |    |    |    |    |
  +----+----+----+----+----+----+----+----+
4 |    |    |    |    |    |    |    |    |
  +----+----+----+----+----+----+----+----+
3 |    |    |    |    |    |    |    |    |
  +----+----+----+----+----+----+----+----+
2 | Pa | Pa | Pa | Pa | Pa | Pa | Pa | Pa |
  +----+----+----+----+----+----+----+----+
1 |    |    |    |    |    |    |    |    |
  +----+----+----+----+----+----+----+----+

There is no piece at the source square!

    A    B    C    D    E    F    G    H    
  +----+----+----+----+----+----+----+----+
8 |    |    |    |    |    |    |    |    |
  +----+----+----+----+----+----+----+----+
7 | Pa | Pa | Pa | Pa | Pa | Pa | Pa | Pa |
  +----+----+----+----+----+----+----+----+
6 |    |    |    |    |    |    |    |    |
  +----+----+----+----+----+----+----+----+
5 |    |    |    |    |    |    |    |    |
  +----+----+----+----+----+----+----+----+
4 |    |    |    |    |    |    |    |    |
  +----+----+----+----+----+----+----+----+
3 |    |    |    |    |    |    |    |    |
  +----+----+----+----+----+----+----+----+
2 | Pa | Pa | Pa | Pa | Pa | Pa | Pa | Pa |
  +----+----+----+----+----+----+----+----+
1 |    |    |    |    |    |    |    |    |
  +----+----+----+----+----+----+----+----+

pab22@texel43:msc_lab3_pab22$ 
pab22@texel43:msc_lab3_pab22$ 
pab22@texel43:msc_lab3_pab22$ ./chess 
========================
Testing the Chess Engine
========================

A new chess game is started!
1

    A    B    C    D    E    F    G    H    
  +----+----+----+----+----+----+----+----+
8 |    |    |    |    |    |    |    |    |
  +----+----+----+----+----+----+----+----+
7 | Pa | Pa | Pa | Pa | Pa | Pa | Pa | Pa |
  +----+----+----+----+----+----+----+----+
6 |    |    |    |    |    |    |    |    |
  +----+----+----+----+----+----+----+----+
5 |    |    |    |    |    |    |    |    |
  +----+----+----+----+----+----+----+----+
4 |    |    |    |    |    |    |    |    |
  +----+----+----+----+----+----+----+----+
3 |    |    |    |    |    |    |    |    |
  +----+----+----+----+----+----+----+----+
2 | Pa | Pa | Pa | Pa | Pa | Pa | Pa | Pa |
  +----+----+----+----+----+----+----+----+
1 |    |    |    |    |    |    |    |    |
  +----+----+----+----+----+----+----+----+

 Your destination square is out of range!

    A    B    C    D    E    F    G    H    
  +----+----+----+----+----+----+----+----+
8 |    |    |    |    |    |    |    |    |
  +----+----+----+----+----+----+----+----+
7 | Pa | Pa | Pa | Pa | Pa | Pa | Pa | Pa |
  +----+----+----+----+----+----+----+----+
6 |    |    |    |    |    |    |    |    |
  +----+----+----+----+----+----+----+----+
5 |    |    |    |    |    |    |    |    |
  +----+----+----+----+----+----+----+----+
4 |    |    |    |    |    |    |    |    |
  +----+----+----+----+----+----+----+----+
3 |    |    |    |    |    |    |    |    |
  +----+----+----+----+----+----+----+----+
2 | Pa | Pa | Pa | Pa | Pa | Pa | Pa | Pa |
  +----+----+----+----+----+----+----+----+
1 |    |    |    |    |    |    |    |    |
  +----+----+----+----+----+----+----+----+

pab22@texel43:msc_lab3_pab22$ ./chess 
========================
Testing the Chess Engine
========================

A new chess game is started!
1

    A    B    C    D    E    F    G    H    
  +----+----+----+----+----+----+----+----+
8 |    |    |    |    |    |    |    |    |
  +----+----+----+----+----+----+----+----+
7 | Pa | Pa | Pa | Pa | Pa | Pa | Pa | Pa |
  +----+----+----+----+----+----+----+----+
6 |    |    |    |    |    |    |    |    |
  +----+----+----+----+----+----+----+----+
5 |    |    |    |    |    |    |    |    |
  +----+----+----+----+----+----+----+----+
4 |    |    |    |    |    |    |    |    |
  +----+----+----+----+----+----+----+----+
3 |    |    |    |    |    |    |    |    |
  +----+----+----+----+----+----+----+----+
2 | Pa | Pa | Pa | Pa | Pa | Pa | Pa | Pa |
  +----+----+----+----+----+----+----+----+
1 |    |    |    |    |    |    |    |    |
  +----+----+----+----+----+----+----+----+

Please input only valid positions!

    A    B    C    D    E    F    G    H    
  +----+----+----+----+----+----+----+----+
8 |    |    |    |    |    |    |    |    |
  +----+----+----+----+----+----+----+----+
7 | Pa | Pa | Pa | Pa | Pa | Pa | Pa | Pa |
  +----+----+----+----+----+----+----+----+
6 |    |    |    |    |    |    |    |    |
  +----+----+----+----+----+----+----+----+
5 |    |    |    |    |    |    |    |    |
  +----+----+----+----+----+----+----+----+
4 |    |    |    |    |    |    |    |    |
  +----+----+----+----+----+----+----+----+
3 |    |    |    |    |    |    |    |    |
  +----+----+----+----+----+----+----+----+
2 | Pa | Pa | Pa | Pa | Pa | Pa | Pa | Pa |
  +----+----+----+----+----+----+----+----+
1 |    |    |    |    |    |    |    |    |
  +----+----+----+----+----+----+----+----+

pab22@texel43:msc_lab3_pab22$ 